

================================================================
== Vivado HLS Report for 'hls_preprocess'
================================================================
* Date:           Tue Jul 20 21:52:53 2021

* Version:        2019.2 (Build 2704478 on Wed Nov 06 22:10:23 MST 2019)
* Project:        hls_preprocess
* Solution:       solution1
* Product family: zynquplus
* Target device:  xczu3eg-sfvc784-1-e


================================================================
== Performance Estimates
================================================================
+ Timing: 
    * Summary: 
    +--------+---------+----------+------------+
    |  Clock |  Target | Estimated| Uncertainty|
    +--------+---------+----------+------------+
    |ap_clk  | 4.00 ns | 3.500 ns |   0.50 ns  |
    +--------+---------+----------+------------+

+ Latency: 
    * Summary: 
    +---------+---------+----------+----------+--------+--------+----------+
    |  Latency (cycles) |  Latency (absolute) |     Interval    | Pipeline |
    |   min   |   max   |    min   |    max   |   min  |   max  |   Type   |
    +---------+---------+----------+----------+--------+--------+----------+
    |   925203|   925203| 3.701 ms | 3.701 ms |  925204|  925204| dataflow |
    +---------+---------+----------+----------+--------+--------+----------+

    + Detail: 
        * Instance: 
        N/A

        * Loop: 
        N/A

============================================================
+ Verbose Summary: Synthesis Manager
============================================================
InlineROM: 1
ExposeGlobal: 0
============================================================
+ Verbose Summary: CDFG Model
============================================================
IsTopModel: 1
ResetActiveHigh: 1
IsCombinational: 2
IsDatapathOnly: 0
HasWiredReturn: 1
HasMFsm: 0
HasVarLatency: 1
IsPipeline: 0
IsRtlPipelined: 0
IsInstanceOverlapped: 0
IsDontTouch: 0
HasImplIP: 0
IsGatedGlobalClock: 0


============================================================
+ Verbose Summary: Schedule
============================================================
* Number of FSM states : 10
* Pipeline : 0
* Dataflow Pipeline: 1
  DF-Pipeline-0: Size = 10, States = { 1 2 3 4 5 6 7 8 9 10 }

* FSM state transitions: 
1 --> 2 
2 --> 3 
3 --> 4 
4 --> 5 
5 --> 6 
6 --> 7 
7 --> 8 
8 --> 9 
9 --> 10 
10 --> 

* FSM state operations: 

State 1 <SV = 0> <Delay = 0.00>
ST_1 : Operation 11 [1/1] (0.00ns)   --->   "%src_img_data_stream_s = alloca i8, align 1" [top.cpp:11]   --->   Operation 11 'alloca' 'src_img_data_stream_s' <Predicate = true> <Delay = 0.00> <Core = "FIFO">   --->   Core 32 'FIFO' <Latency = 0> <II = 1> <Delay = 2.16> <Storage> <Opcode : 'read' 'write' 'nbread' 'nbwrite'> <Ports = 0> <Width = 8> <Depth = 2> <FIFO>
ST_1 : Operation 12 [1/1] (0.00ns)   --->   "%src_img_data_stream_1 = alloca i8, align 1" [top.cpp:11]   --->   Operation 12 'alloca' 'src_img_data_stream_1' <Predicate = true> <Delay = 0.00> <Core = "FIFO">   --->   Core 32 'FIFO' <Latency = 0> <II = 1> <Delay = 2.16> <Storage> <Opcode : 'read' 'write' 'nbread' 'nbwrite'> <Ports = 0> <Width = 8> <Depth = 2> <FIFO>
ST_1 : Operation 13 [1/1] (0.00ns)   --->   "%src_img_data_stream_2 = alloca i8, align 1" [top.cpp:11]   --->   Operation 13 'alloca' 'src_img_data_stream_2' <Predicate = true> <Delay = 0.00> <Core = "FIFO">   --->   Core 32 'FIFO' <Latency = 0> <II = 1> <Delay = 2.16> <Storage> <Opcode : 'read' 'write' 'nbread' 'nbwrite'> <Ports = 0> <Width = 8> <Depth = 2> <FIFO>
ST_1 : Operation 14 [1/1] (0.00ns)   --->   "%src_img_data_stream_3 = alloca i8, align 1" [top.cpp:11]   --->   Operation 14 'alloca' 'src_img_data_stream_3' <Predicate = true> <Delay = 0.00> <Core = "FIFO">   --->   Core 32 'FIFO' <Latency = 0> <II = 1> <Delay = 2.16> <Storage> <Opcode : 'read' 'write' 'nbread' 'nbwrite'> <Ports = 0> <Width = 8> <Depth = 2> <FIFO>
ST_1 : Operation 15 [1/1] (0.00ns)   --->   "%dst_img_data_stream_s = alloca i8, align 1" [top.cpp:12]   --->   Operation 15 'alloca' 'dst_img_data_stream_s' <Predicate = true> <Delay = 0.00> <Core = "FIFO">   --->   Core 32 'FIFO' <Latency = 0> <II = 1> <Delay = 2.16> <Storage> <Opcode : 'read' 'write' 'nbread' 'nbwrite'> <Ports = 0> <Width = 8> <Depth = 2> <FIFO>
ST_1 : Operation 16 [1/1] (0.00ns)   --->   "%dst_img_data_stream_1 = alloca i8, align 1" [top.cpp:12]   --->   Operation 16 'alloca' 'dst_img_data_stream_1' <Predicate = true> <Delay = 0.00> <Core = "FIFO">   --->   Core 32 'FIFO' <Latency = 0> <II = 1> <Delay = 2.16> <Storage> <Opcode : 'read' 'write' 'nbread' 'nbwrite'> <Ports = 0> <Width = 8> <Depth = 2> <FIFO>
ST_1 : Operation 17 [1/1] (0.00ns)   --->   "%dst_img_data_stream_2 = alloca i8, align 1" [top.cpp:12]   --->   Operation 17 'alloca' 'dst_img_data_stream_2' <Predicate = true> <Delay = 0.00> <Core = "FIFO">   --->   Core 32 'FIFO' <Latency = 0> <II = 1> <Delay = 2.16> <Storage> <Opcode : 'read' 'write' 'nbread' 'nbwrite'> <Ports = 0> <Width = 8> <Depth = 2> <FIFO>
ST_1 : Operation 18 [1/1] (0.00ns)   --->   "%dst_img_data_stream_3 = alloca i8, align 1" [top.cpp:12]   --->   Operation 18 'alloca' 'dst_img_data_stream_3' <Predicate = true> <Delay = 0.00> <Core = "FIFO">   --->   Core 32 'FIFO' <Latency = 0> <II = 1> <Delay = 2.16> <Storage> <Opcode : 'read' 'write' 'nbread' 'nbwrite'> <Ports = 0> <Width = 8> <Depth = 2> <FIFO>
ST_1 : Operation 19 [1/1] (0.00ns)   --->   "%ifm_img_data_stream_s = alloca i8, align 1" [top.cpp:13]   --->   Operation 19 'alloca' 'ifm_img_data_stream_s' <Predicate = true> <Delay = 0.00> <Core = "FIFO">   --->   Core 32 'FIFO' <Latency = 0> <II = 1> <Delay = 2.16> <Storage> <Opcode : 'read' 'write' 'nbread' 'nbwrite'> <Ports = 0> <Width = 8> <Depth = 2> <FIFO>
ST_1 : Operation 20 [1/1] (0.00ns)   --->   "%ifm_img_data_stream_1 = alloca i8, align 1" [top.cpp:13]   --->   Operation 20 'alloca' 'ifm_img_data_stream_1' <Predicate = true> <Delay = 0.00> <Core = "FIFO">   --->   Core 32 'FIFO' <Latency = 0> <II = 1> <Delay = 2.16> <Storage> <Opcode : 'read' 'write' 'nbread' 'nbwrite'> <Ports = 0> <Width = 8> <Depth = 2> <FIFO>
ST_1 : Operation 21 [1/1] (0.00ns)   --->   "%ifm_img_data_stream_2 = alloca i8, align 1" [top.cpp:13]   --->   Operation 21 'alloca' 'ifm_img_data_stream_2' <Predicate = true> <Delay = 0.00> <Core = "FIFO">   --->   Core 32 'FIFO' <Latency = 0> <II = 1> <Delay = 2.16> <Storage> <Opcode : 'read' 'write' 'nbread' 'nbwrite'> <Ports = 0> <Width = 8> <Depth = 2> <FIFO>
ST_1 : Operation 22 [1/1] (0.00ns)   --->   "%ifm_img_data_stream_3 = alloca i8, align 1" [top.cpp:13]   --->   Operation 22 'alloca' 'ifm_img_data_stream_3' <Predicate = true> <Delay = 0.00> <Core = "FIFO">   --->   Core 32 'FIFO' <Latency = 0> <II = 1> <Delay = 2.16> <Storage> <Opcode : 'read' 'write' 'nbread' 'nbwrite'> <Ports = 0> <Width = 8> <Depth = 2> <FIFO>

State 2 <SV = 1> <Delay = 0.00>
ST_2 : Operation 23 [2/2] (0.00ns)   --->   "call fastcc void @AXIvideo2Mat(i32* %video_src_V_data_V, i4* %video_src_V_keep_V, i4* %video_src_V_strb_V, i1* %video_src_V_user_V, i1* %video_src_V_last_V, i1* %video_src_V_id_V, i1* %video_src_V_dest_V, i8* %src_img_data_stream_s, i8* %src_img_data_stream_1, i8* %src_img_data_stream_2, i8* %src_img_data_stream_3)" [top.cpp:16]   --->   Operation 23 'call' <Predicate = true> <Delay = 0.00> <CoreType = "Generic">   --->   Core 0 '' <Latency = 0> <II = 1> <Delay = 1.00> <Generic> <Opcode : >

State 3 <SV = 2> <Delay = 0.00>
ST_3 : Operation 24 [1/2] (0.00ns)   --->   "call fastcc void @AXIvideo2Mat(i32* %video_src_V_data_V, i4* %video_src_V_keep_V, i4* %video_src_V_strb_V, i1* %video_src_V_user_V, i1* %video_src_V_last_V, i1* %video_src_V_id_V, i1* %video_src_V_dest_V, i8* %src_img_data_stream_s, i8* %src_img_data_stream_1, i8* %src_img_data_stream_2, i8* %src_img_data_stream_3)" [top.cpp:16]   --->   Operation 24 'call' <Predicate = true> <Delay = 0.00> <CoreType = "Generic">   --->   Core 0 '' <Latency = 0> <II = 1> <Delay = 1.00> <Generic> <Opcode : >

State 4 <SV = 3> <Delay = 0.00>
ST_4 : Operation 25 [2/2] (0.00ns)   --->   "call fastcc void @Downsample(i8* %src_img_data_stream_s, i8* %src_img_data_stream_1, i8* %src_img_data_stream_2, i8* %src_img_data_stream_3, i8* %dst_img_data_stream_s, i8* %dst_img_data_stream_1, i8* %dst_img_data_stream_2, i8* %dst_img_data_stream_3)" [top.cpp:17]   --->   Operation 25 'call' <Predicate = true> <Delay = 0.00> <CoreType = "Generic">   --->   Core 0 '' <Latency = 0> <II = 1> <Delay = 1.00> <Generic> <Opcode : >

State 5 <SV = 4> <Delay = 0.00>
ST_5 : Operation 26 [1/2] (0.00ns)   --->   "call fastcc void @Downsample(i8* %src_img_data_stream_s, i8* %src_img_data_stream_1, i8* %src_img_data_stream_2, i8* %src_img_data_stream_3, i8* %dst_img_data_stream_s, i8* %dst_img_data_stream_1, i8* %dst_img_data_stream_2, i8* %dst_img_data_stream_3)" [top.cpp:17]   --->   Operation 26 'call' <Predicate = true> <Delay = 0.00> <CoreType = "Generic">   --->   Core 0 '' <Latency = 0> <II = 1> <Delay = 1.00> <Generic> <Opcode : >

State 6 <SV = 5> <Delay = 0.00>
ST_6 : Operation 27 [2/2] (0.00ns)   --->   "call fastcc void @Convert(i8* %dst_img_data_stream_s, i8* %dst_img_data_stream_1, i8* %dst_img_data_stream_2, i8* %dst_img_data_stream_3, i8* %ifm_img_data_stream_s, i8* %ifm_img_data_stream_1, i8* %ifm_img_data_stream_2, i8* %ifm_img_data_stream_3)" [top.cpp:18]   --->   Operation 27 'call' <Predicate = true> <Delay = 0.00> <CoreType = "Generic">   --->   Core 0 '' <Latency = 0> <II = 1> <Delay = 1.00> <Generic> <Opcode : >

State 7 <SV = 6> <Delay = 0.00>
ST_7 : Operation 28 [1/2] (0.00ns)   --->   "call fastcc void @Convert(i8* %dst_img_data_stream_s, i8* %dst_img_data_stream_1, i8* %dst_img_data_stream_2, i8* %dst_img_data_stream_3, i8* %ifm_img_data_stream_s, i8* %ifm_img_data_stream_1, i8* %ifm_img_data_stream_2, i8* %ifm_img_data_stream_3)" [top.cpp:18]   --->   Operation 28 'call' <Predicate = true> <Delay = 0.00> <CoreType = "Generic">   --->   Core 0 '' <Latency = 0> <II = 1> <Delay = 1.00> <Generic> <Opcode : >

State 8 <SV = 7> <Delay = 0.00>
ST_8 : Operation 29 [2/2] (0.00ns)   --->   "call fastcc void @Mat2AXIvideo(i8* %ifm_img_data_stream_s, i8* %ifm_img_data_stream_1, i8* %ifm_img_data_stream_2, i8* %ifm_img_data_stream_3, i32* %video_dst_V_data_V, i4* %video_dst_V_keep_V, i4* %video_dst_V_strb_V, i1* %video_dst_V_user_V, i1* %video_dst_V_last_V, i1* %video_dst_V_id_V, i1* %video_dst_V_dest_V)" [top.cpp:19]   --->   Operation 29 'call' <Predicate = true> <Delay = 0.00> <CoreType = "Generic">   --->   Core 0 '' <Latency = 0> <II = 1> <Delay = 1.00> <Generic> <Opcode : >

State 9 <SV = 8> <Delay = 0.00>
ST_9 : Operation 30 [1/2] (0.00ns)   --->   "call fastcc void @Mat2AXIvideo(i8* %ifm_img_data_stream_s, i8* %ifm_img_data_stream_1, i8* %ifm_img_data_stream_2, i8* %ifm_img_data_stream_3, i32* %video_dst_V_data_V, i4* %video_dst_V_keep_V, i4* %video_dst_V_strb_V, i1* %video_dst_V_user_V, i1* %video_dst_V_last_V, i1* %video_dst_V_id_V, i1* %video_dst_V_dest_V)" [top.cpp:19]   --->   Operation 30 'call' <Predicate = true> <Delay = 0.00> <CoreType = "Generic">   --->   Core 0 '' <Latency = 0> <II = 1> <Delay = 1.00> <Generic> <Opcode : >

State 10 <SV = 9> <Delay = 0.00>
ST_10 : Operation 31 [1/1] (0.00ns)   --->   "call void (...)* @_ssdm_op_SpecDataflowPipeline(i32 -1, i32 0, [1 x i8]* @p_str1) nounwind" [top.cpp:15]   --->   Operation 31 'specdataflowpipeline' <Predicate = true> <Delay = 0.00>
ST_10 : Operation 32 [1/1] (0.00ns)   --->   "call void (...)* @_ssdm_op_SpecBitsMap(i32* %video_src_V_data_V), !map !127"   --->   Operation 32 'specbitsmap' <Predicate = true> <Delay = 0.00>
ST_10 : Operation 33 [1/1] (0.00ns)   --->   "call void (...)* @_ssdm_op_SpecBitsMap(i4* %video_src_V_keep_V), !map !131"   --->   Operation 33 'specbitsmap' <Predicate = true> <Delay = 0.00>
ST_10 : Operation 34 [1/1] (0.00ns)   --->   "call void (...)* @_ssdm_op_SpecBitsMap(i4* %video_src_V_strb_V), !map !135"   --->   Operation 34 'specbitsmap' <Predicate = true> <Delay = 0.00>
ST_10 : Operation 35 [1/1] (0.00ns)   --->   "call void (...)* @_ssdm_op_SpecBitsMap(i1* %video_src_V_user_V), !map !139"   --->   Operation 35 'specbitsmap' <Predicate = true> <Delay = 0.00>
ST_10 : Operation 36 [1/1] (0.00ns)   --->   "call void (...)* @_ssdm_op_SpecBitsMap(i1* %video_src_V_last_V), !map !143"   --->   Operation 36 'specbitsmap' <Predicate = true> <Delay = 0.00>
ST_10 : Operation 37 [1/1] (0.00ns)   --->   "call void (...)* @_ssdm_op_SpecBitsMap(i1* %video_src_V_id_V), !map !147"   --->   Operation 37 'specbitsmap' <Predicate = true> <Delay = 0.00>
ST_10 : Operation 38 [1/1] (0.00ns)   --->   "call void (...)* @_ssdm_op_SpecBitsMap(i1* %video_src_V_dest_V), !map !151"   --->   Operation 38 'specbitsmap' <Predicate = true> <Delay = 0.00>
ST_10 : Operation 39 [1/1] (0.00ns)   --->   "call void (...)* @_ssdm_op_SpecBitsMap(i32* %video_dst_V_data_V), !map !155"   --->   Operation 39 'specbitsmap' <Predicate = true> <Delay = 0.00>
ST_10 : Operation 40 [1/1] (0.00ns)   --->   "call void (...)* @_ssdm_op_SpecBitsMap(i4* %video_dst_V_keep_V), !map !159"   --->   Operation 40 'specbitsmap' <Predicate = true> <Delay = 0.00>
ST_10 : Operation 41 [1/1] (0.00ns)   --->   "call void (...)* @_ssdm_op_SpecBitsMap(i4* %video_dst_V_strb_V), !map !163"   --->   Operation 41 'specbitsmap' <Predicate = true> <Delay = 0.00>
ST_10 : Operation 42 [1/1] (0.00ns)   --->   "call void (...)* @_ssdm_op_SpecBitsMap(i1* %video_dst_V_user_V), !map !167"   --->   Operation 42 'specbitsmap' <Predicate = true> <Delay = 0.00>
ST_10 : Operation 43 [1/1] (0.00ns)   --->   "call void (...)* @_ssdm_op_SpecBitsMap(i1* %video_dst_V_last_V), !map !171"   --->   Operation 43 'specbitsmap' <Predicate = true> <Delay = 0.00>
ST_10 : Operation 44 [1/1] (0.00ns)   --->   "call void (...)* @_ssdm_op_SpecBitsMap(i1* %video_dst_V_id_V), !map !175"   --->   Operation 44 'specbitsmap' <Predicate = true> <Delay = 0.00>
ST_10 : Operation 45 [1/1] (0.00ns)   --->   "call void (...)* @_ssdm_op_SpecBitsMap(i1* %video_dst_V_dest_V), !map !179"   --->   Operation 45 'specbitsmap' <Predicate = true> <Delay = 0.00>
ST_10 : Operation 46 [1/1] (0.00ns)   --->   "call void (...)* @_ssdm_op_SpecTopModule([15 x i8]* @hls_preprocess_str) nounwind"   --->   Operation 46 'spectopmodule' <Predicate = true> <Delay = 0.00>
ST_10 : Operation 47 [1/1] (0.00ns)   --->   "%empty = call i32 (...)* @_ssdm_op_SpecChannel([25 x i8]* @src_img_OC_data_stre_3, i32 1, [1 x i8]* @p_str44, [1 x i8]* @p_str44, i32 2, i32 2, i8* %src_img_data_stream_s, i8* %src_img_data_stream_s)"   --->   Operation 47 'specchannel' 'empty' <Predicate = true> <Delay = 0.00>
ST_10 : Operation 48 [1/1] (0.00ns)   --->   "call void (...)* @_ssdm_op_SpecInterface(i8* %src_img_data_stream_s, [8 x i8]* @ap_fifo_str, i32 0, i32 0, [1 x i8]* @p_str45, i32 0, i32 0, [1 x i8]* @p_str46, [1 x i8]* @p_str47, [1 x i8]* @p_str48, i32 2, i32 2, i32 16, i32 16, [1 x i8]* @p_str49, [1 x i8]* @p_str50)"   --->   Operation 48 'specinterface' <Predicate = true> <Delay = 0.00>
ST_10 : Operation 49 [1/1] (0.00ns)   --->   "%empty_6 = call i32 (...)* @_ssdm_op_SpecChannel([25 x i8]* @src_img_OC_data_stre_2, i32 1, [1 x i8]* @p_str51, [1 x i8]* @p_str51, i32 2, i32 2, i8* %src_img_data_stream_1, i8* %src_img_data_stream_1)"   --->   Operation 49 'specchannel' 'empty_6' <Predicate = true> <Delay = 0.00>
ST_10 : Operation 50 [1/1] (0.00ns)   --->   "call void (...)* @_ssdm_op_SpecInterface(i8* %src_img_data_stream_1, [8 x i8]* @ap_fifo_str, i32 0, i32 0, [1 x i8]* @p_str52, i32 0, i32 0, [1 x i8]* @p_str53, [1 x i8]* @p_str54, [1 x i8]* @p_str55, i32 2, i32 2, i32 16, i32 16, [1 x i8]* @p_str56, [1 x i8]* @p_str57)"   --->   Operation 50 'specinterface' <Predicate = true> <Delay = 0.00>
ST_10 : Operation 51 [1/1] (0.00ns)   --->   "%empty_7 = call i32 (...)* @_ssdm_op_SpecChannel([25 x i8]* @src_img_OC_data_stre_1, i32 1, [1 x i8]* @p_str58, [1 x i8]* @p_str58, i32 2, i32 2, i8* %src_img_data_stream_2, i8* %src_img_data_stream_2)"   --->   Operation 51 'specchannel' 'empty_7' <Predicate = true> <Delay = 0.00>
ST_10 : Operation 52 [1/1] (0.00ns)   --->   "call void (...)* @_ssdm_op_SpecInterface(i8* %src_img_data_stream_2, [8 x i8]* @ap_fifo_str, i32 0, i32 0, [1 x i8]* @p_str59, i32 0, i32 0, [1 x i8]* @p_str60, [1 x i8]* @p_str61, [1 x i8]* @p_str62, i32 2, i32 2, i32 16, i32 16, [1 x i8]* @p_str63, [1 x i8]* @p_str64)"   --->   Operation 52 'specinterface' <Predicate = true> <Delay = 0.00>
ST_10 : Operation 53 [1/1] (0.00ns)   --->   "%empty_8 = call i32 (...)* @_ssdm_op_SpecChannel([25 x i8]* @src_img_OC_data_stre, i32 1, [1 x i8]* @p_str65, [1 x i8]* @p_str65, i32 2, i32 2, i8* %src_img_data_stream_3, i8* %src_img_data_stream_3)"   --->   Operation 53 'specchannel' 'empty_8' <Predicate = true> <Delay = 0.00>
ST_10 : Operation 54 [1/1] (0.00ns)   --->   "call void (...)* @_ssdm_op_SpecInterface(i8* %src_img_data_stream_3, [8 x i8]* @ap_fifo_str, i32 0, i32 0, [1 x i8]* @p_str66, i32 0, i32 0, [1 x i8]* @p_str67, [1 x i8]* @p_str68, [1 x i8]* @p_str69, i32 2, i32 2, i32 16, i32 16, [1 x i8]* @p_str70, [1 x i8]* @p_str71)"   --->   Operation 54 'specinterface' <Predicate = true> <Delay = 0.00>
ST_10 : Operation 55 [1/1] (0.00ns)   --->   "%empty_9 = call i32 (...)* @_ssdm_op_SpecChannel([25 x i8]* @dst_img_OC_data_stre_3, i32 1, [1 x i8]* @p_str72, [1 x i8]* @p_str72, i32 2, i32 2, i8* %dst_img_data_stream_s, i8* %dst_img_data_stream_s)"   --->   Operation 55 'specchannel' 'empty_9' <Predicate = true> <Delay = 0.00>
ST_10 : Operation 56 [1/1] (0.00ns)   --->   "call void (...)* @_ssdm_op_SpecInterface(i8* %dst_img_data_stream_s, [8 x i8]* @ap_fifo_str, i32 0, i32 0, [1 x i8]* @p_str73, i32 0, i32 0, [1 x i8]* @p_str74, [1 x i8]* @p_str75, [1 x i8]* @p_str76, i32 2, i32 2, i32 16, i32 16, [1 x i8]* @p_str77, [1 x i8]* @p_str78)"   --->   Operation 56 'specinterface' <Predicate = true> <Delay = 0.00>
ST_10 : Operation 57 [1/1] (0.00ns)   --->   "%empty_10 = call i32 (...)* @_ssdm_op_SpecChannel([25 x i8]* @dst_img_OC_data_stre_2, i32 1, [1 x i8]* @p_str79, [1 x i8]* @p_str79, i32 2, i32 2, i8* %dst_img_data_stream_1, i8* %dst_img_data_stream_1)"   --->   Operation 57 'specchannel' 'empty_10' <Predicate = true> <Delay = 0.00>
ST_10 : Operation 58 [1/1] (0.00ns)   --->   "call void (...)* @_ssdm_op_SpecInterface(i8* %dst_img_data_stream_1, [8 x i8]* @ap_fifo_str, i32 0, i32 0, [1 x i8]* @p_str80, i32 0, i32 0, [1 x i8]* @p_str81, [1 x i8]* @p_str82, [1 x i8]* @p_str83, i32 2, i32 2, i32 16, i32 16, [1 x i8]* @p_str84, [1 x i8]* @p_str85)"   --->   Operation 58 'specinterface' <Predicate = true> <Delay = 0.00>
ST_10 : Operation 59 [1/1] (0.00ns)   --->   "%empty_11 = call i32 (...)* @_ssdm_op_SpecChannel([25 x i8]* @dst_img_OC_data_stre_1, i32 1, [1 x i8]* @p_str86, [1 x i8]* @p_str86, i32 2, i32 2, i8* %dst_img_data_stream_2, i8* %dst_img_data_stream_2)"   --->   Operation 59 'specchannel' 'empty_11' <Predicate = true> <Delay = 0.00>
ST_10 : Operation 60 [1/1] (0.00ns)   --->   "call void (...)* @_ssdm_op_SpecInterface(i8* %dst_img_data_stream_2, [8 x i8]* @ap_fifo_str, i32 0, i32 0, [1 x i8]* @p_str87, i32 0, i32 0, [1 x i8]* @p_str88, [1 x i8]* @p_str89, [1 x i8]* @p_str90, i32 2, i32 2, i32 16, i32 16, [1 x i8]* @p_str91, [1 x i8]* @p_str92)"   --->   Operation 60 'specinterface' <Predicate = true> <Delay = 0.00>
ST_10 : Operation 61 [1/1] (0.00ns)   --->   "%empty_12 = call i32 (...)* @_ssdm_op_SpecChannel([25 x i8]* @dst_img_OC_data_stre, i32 1, [1 x i8]* @p_str93, [1 x i8]* @p_str93, i32 2, i32 2, i8* %dst_img_data_stream_3, i8* %dst_img_data_stream_3)"   --->   Operation 61 'specchannel' 'empty_12' <Predicate = true> <Delay = 0.00>
ST_10 : Operation 62 [1/1] (0.00ns)   --->   "call void (...)* @_ssdm_op_SpecInterface(i8* %dst_img_data_stream_3, [8 x i8]* @ap_fifo_str, i32 0, i32 0, [1 x i8]* @p_str94, i32 0, i32 0, [1 x i8]* @p_str95, [1 x i8]* @p_str96, [1 x i8]* @p_str97, i32 2, i32 2, i32 16, i32 16, [1 x i8]* @p_str98, [1 x i8]* @p_str99)"   --->   Operation 62 'specinterface' <Predicate = true> <Delay = 0.00>
ST_10 : Operation 63 [1/1] (0.00ns)   --->   "%empty_13 = call i32 (...)* @_ssdm_op_SpecChannel([25 x i8]* @ifm_img_OC_data_stre_3, i32 1, [1 x i8]* @p_str100, [1 x i8]* @p_str100, i32 2, i32 2, i8* %ifm_img_data_stream_s, i8* %ifm_img_data_stream_s)"   --->   Operation 63 'specchannel' 'empty_13' <Predicate = true> <Delay = 0.00>
ST_10 : Operation 64 [1/1] (0.00ns)   --->   "call void (...)* @_ssdm_op_SpecInterface(i8* %ifm_img_data_stream_s, [8 x i8]* @ap_fifo_str, i32 0, i32 0, [1 x i8]* @p_str101, i32 0, i32 0, [1 x i8]* @p_str102, [1 x i8]* @p_str103, [1 x i8]* @p_str104, i32 2, i32 2, i32 16, i32 16, [1 x i8]* @p_str105, [1 x i8]* @p_str106)"   --->   Operation 64 'specinterface' <Predicate = true> <Delay = 0.00>
ST_10 : Operation 65 [1/1] (0.00ns)   --->   "%empty_14 = call i32 (...)* @_ssdm_op_SpecChannel([25 x i8]* @ifm_img_OC_data_stre_2, i32 1, [1 x i8]* @p_str107, [1 x i8]* @p_str107, i32 2, i32 2, i8* %ifm_img_data_stream_1, i8* %ifm_img_data_stream_1)"   --->   Operation 65 'specchannel' 'empty_14' <Predicate = true> <Delay = 0.00>
ST_10 : Operation 66 [1/1] (0.00ns)   --->   "call void (...)* @_ssdm_op_SpecInterface(i8* %ifm_img_data_stream_1, [8 x i8]* @ap_fifo_str, i32 0, i32 0, [1 x i8]* @p_str108, i32 0, i32 0, [1 x i8]* @p_str109, [1 x i8]* @p_str110, [1 x i8]* @p_str111, i32 2, i32 2, i32 16, i32 16, [1 x i8]* @p_str112, [1 x i8]* @p_str113)"   --->   Operation 66 'specinterface' <Predicate = true> <Delay = 0.00>
ST_10 : Operation 67 [1/1] (0.00ns)   --->   "%empty_15 = call i32 (...)* @_ssdm_op_SpecChannel([25 x i8]* @ifm_img_OC_data_stre_1, i32 1, [1 x i8]* @p_str114, [1 x i8]* @p_str114, i32 2, i32 2, i8* %ifm_img_data_stream_2, i8* %ifm_img_data_stream_2)"   --->   Operation 67 'specchannel' 'empty_15' <Predicate = true> <Delay = 0.00>
ST_10 : Operation 68 [1/1] (0.00ns)   --->   "call void (...)* @_ssdm_op_SpecInterface(i8* %ifm_img_data_stream_2, [8 x i8]* @ap_fifo_str, i32 0, i32 0, [1 x i8]* @p_str115, i32 0, i32 0, [1 x i8]* @p_str116, [1 x i8]* @p_str117, [1 x i8]* @p_str118, i32 2, i32 2, i32 16, i32 16, [1 x i8]* @p_str119, [1 x i8]* @p_str120)"   --->   Operation 68 'specinterface' <Predicate = true> <Delay = 0.00>
ST_10 : Operation 69 [1/1] (0.00ns)   --->   "%empty_16 = call i32 (...)* @_ssdm_op_SpecChannel([25 x i8]* @ifm_img_OC_data_stre, i32 1, [1 x i8]* @p_str121, [1 x i8]* @p_str121, i32 2, i32 2, i8* %ifm_img_data_stream_3, i8* %ifm_img_data_stream_3)"   --->   Operation 69 'specchannel' 'empty_16' <Predicate = true> <Delay = 0.00>
ST_10 : Operation 70 [1/1] (0.00ns)   --->   "call void (...)* @_ssdm_op_SpecInterface(i8* %ifm_img_data_stream_3, [8 x i8]* @ap_fifo_str, i32 0, i32 0, [1 x i8]* @p_str122, i32 0, i32 0, [1 x i8]* @p_str123, [1 x i8]* @p_str124, [1 x i8]* @p_str125, i32 2, i32 2, i32 16, i32 16, [1 x i8]* @p_str126, [1 x i8]* @p_str127)"   --->   Operation 70 'specinterface' <Predicate = true> <Delay = 0.00>
ST_10 : Operation 71 [1/1] (0.00ns)   --->   "call void (...)* @_ssdm_op_SpecInterface(i32 0, [10 x i8]* @p_str, i32 0, i32 0, [1 x i8]* @p_str1, i32 0, i32 0, [1 x i8]* @p_str1, [1 x i8]* @p_str1, [1 x i8]* @p_str1, i32 0, i32 0, i32 0, i32 0, [1 x i8]* @p_str1, [1 x i8]* @p_str1) nounwind" [top.cpp:7]   --->   Operation 71 'specinterface' <Predicate = true> <Delay = 0.00>
ST_10 : Operation 72 [1/1] (0.00ns)   --->   "call void (...)* @_ssdm_op_SpecInterface(i32* %video_src_V_data_V, i4* %video_src_V_keep_V, i4* %video_src_V_strb_V, i1* %video_src_V_user_V, i1* %video_src_V_last_V, i1* %video_src_V_id_V, i1* %video_src_V_dest_V, [5 x i8]* @p_str2, i32 1, i32 1, [5 x i8]* @p_str3, i32 0, i32 0, [1 x i8]* @p_str1, [1 x i8]* @p_str1, [1 x i8]* @p_str1, i32 0, i32 0, i32 0, i32 0, [1 x i8]* @p_str1, [1 x i8]* @p_str1) nounwind" [top.cpp:8]   --->   Operation 72 'specinterface' <Predicate = true> <Delay = 0.00>
ST_10 : Operation 73 [1/1] (0.00ns)   --->   "call void (...)* @_ssdm_op_SpecInterface(i32* %video_dst_V_data_V, i4* %video_dst_V_keep_V, i4* %video_dst_V_strb_V, i1* %video_dst_V_user_V, i1* %video_dst_V_last_V, i1* %video_dst_V_id_V, i1* %video_dst_V_dest_V, [5 x i8]* @p_str2, i32 1, i32 1, [5 x i8]* @p_str3, i32 0, i32 0, [1 x i8]* @p_str1, [1 x i8]* @p_str1, [1 x i8]* @p_str1, i32 0, i32 0, i32 0, i32 0, [1 x i8]* @p_str1, [1 x i8]* @p_str1) nounwind" [top.cpp:9]   --->   Operation 73 'specinterface' <Predicate = true> <Delay = 0.00>
ST_10 : Operation 74 [1/1] (0.00ns)   --->   "ret void" [top.cpp:20]   --->   Operation 74 'ret' <Predicate = true> <Delay = 0.00>


============================================================
+ Verbose Summary: Timing violations
============================================================
Target clock period: 4ns, clock uncertainty: 0.5ns.

 <State 1>: 0ns
The critical path consists of the following:

 <State 2>: 0ns
The critical path consists of the following:

 <State 3>: 0ns
The critical path consists of the following:

 <State 4>: 0ns
The critical path consists of the following:

 <State 5>: 0ns
The critical path consists of the following:

 <State 6>: 0ns
The critical path consists of the following:

 <State 7>: 0ns
The critical path consists of the following:

 <State 8>: 0ns
The critical path consists of the following:

 <State 9>: 0ns
The critical path consists of the following:

 <State 10>: 0ns
The critical path consists of the following:


============================================================
+ Verbose Summary: Binding
============================================================
N/A
* FSMD analyzer results:
  - Output states:
 - Input state : 
  - Chain level:
	State 1
	State 2
	State 3
	State 4
	State 5
	State 6
	State 7
	State 8
	State 9
	State 10


============================================================
+ Verbose Summary: Datapath Resource usage 
============================================================
N/A
