

================================================================
== Vivado HLS Report for 'Downsample'
================================================================
* Date:           Mon Jul 19 21:21:47 2021

* Version:        2019.2 (Build 2704478 on Wed Nov 06 22:10:23 MST 2019)
* Project:        hls_resize
* Solution:       solution1
* Product family: zynquplus
* Target device:  xczu3eg-sfvc784-1-e


================================================================
== Performance Estimates
================================================================
+ Timing: 
    * Summary: 
    +--------+---------+----------+------------+
    |  Clock |  Target | Estimated| Uncertainty|
    +--------+---------+----------+------------+
    |ap_clk  | 4.00 ns | 3.500 ns |   0.50 ns  |
    +--------+---------+----------+------------+

+ Latency: 
    * Summary: 
    +---------+---------+----------+----------+--------+--------+---------+
    |  Latency (cycles) |  Latency (absolute) |     Interval    | Pipeline|
    |   min   |   max   |    min   |    max   |   min  |   max  |   Type  |
    +---------+---------+----------+----------+--------+--------+---------+
    |   923761|   923761| 3.695 ms | 3.695 ms |  923761|  923761|   none  |
    +---------+---------+----------+----------+--------+--------+---------+

    + Detail: 
        * Instance: 
        N/A

        * Loop: 
        +----------+---------+---------+----------+-----------+-----------+------+----------+
        |          |  Latency (cycles) | Iteration|  Initiation Interval  | Trip |          |
        | Loop Name|   min   |   max   |  Latency |  achieved |   target  | Count| Pipelined|
        +----------+---------+---------+----------+-----------+-----------+------+----------+
        |- ROWS    |   923760|   923760|      1283|          -|          -|   720|    no    |
        | + COLS   |     1280|     1280|         2|          1|          1|  1280|    yes   |
        +----------+---------+---------+----------+-----------+-----------+------+----------+

============================================================
+ Verbose Summary: Synthesis Manager
============================================================
InlineROM: 1
ExposeGlobal: 0
============================================================
+ Verbose Summary: CDFG Model
============================================================
IsTopModel: 0
ResetActiveHigh: 1
IsCombinational: 2
IsDatapathOnly: 0
HasWiredReturn: 1
HasMFsm: 0
HasVarLatency: 1
IsPipeline: 0
IsRtlPipelined: 0
IsInstanceOverlapped: 0
IsDontTouch: 0
HasImplIP: 0
IsGatedGlobalClock: 0

+ Individual pipeline summary: 
  * Pipeline-0: initiation interval (II) = 1, depth = 2


============================================================
+ Verbose Summary: Schedule
============================================================
* Number of FSM states : 5
* Pipeline : 1
  Pipeline-0 : II = 1, D = 2, States = { 3 4 }
* Dataflow Pipeline: 0

* FSM state transitions: 
1 --> 2 
2 --> 3 
3 --> 5 4 
4 --> 3 
5 --> 2 

* FSM state operations: 

State 1 <SV = 0> <Delay = 0.75>
ST_1 : Operation 6 [1/1] (0.00ns)   --->   "call void (...)* @_ssdm_op_SpecInterface(i8* %dst_data_stream_3_V, [8 x i8]* @ap_fifo_str, i32 0, i32 0, [1 x i8]* @p_str89, i32 0, i32 0, [1 x i8]* @p_str90, [1 x i8]* @p_str91, [1 x i8]* @p_str92, i32 2, i32 2, i32 16, i32 16, [1 x i8]* @p_str93, [1 x i8]* @p_str94)"   --->   Operation 6 'specinterface' <Predicate = true> <Delay = 0.00>
ST_1 : Operation 7 [1/1] (0.00ns)   --->   "call void (...)* @_ssdm_op_SpecInterface(i8* %dst_data_stream_2_V, [8 x i8]* @ap_fifo_str, i32 0, i32 0, [1 x i8]* @p_str82, i32 0, i32 0, [1 x i8]* @p_str83, [1 x i8]* @p_str84, [1 x i8]* @p_str85, i32 2, i32 2, i32 16, i32 16, [1 x i8]* @p_str86, [1 x i8]* @p_str87)"   --->   Operation 7 'specinterface' <Predicate = true> <Delay = 0.00>
ST_1 : Operation 8 [1/1] (0.00ns)   --->   "call void (...)* @_ssdm_op_SpecInterface(i8* %dst_data_stream_1_V, [8 x i8]* @ap_fifo_str, i32 0, i32 0, [1 x i8]* @p_str75, i32 0, i32 0, [1 x i8]* @p_str76, [1 x i8]* @p_str77, [1 x i8]* @p_str78, i32 2, i32 2, i32 16, i32 16, [1 x i8]* @p_str79, [1 x i8]* @p_str80)"   --->   Operation 8 'specinterface' <Predicate = true> <Delay = 0.00>
ST_1 : Operation 9 [1/1] (0.00ns)   --->   "call void (...)* @_ssdm_op_SpecInterface(i8* %dst_data_stream_0_V, [8 x i8]* @ap_fifo_str, i32 0, i32 0, [1 x i8]* @p_str68, i32 0, i32 0, [1 x i8]* @p_str69, [1 x i8]* @p_str70, [1 x i8]* @p_str71, i32 2, i32 2, i32 16, i32 16, [1 x i8]* @p_str72, [1 x i8]* @p_str73)"   --->   Operation 9 'specinterface' <Predicate = true> <Delay = 0.00>
ST_1 : Operation 10 [1/1] (0.00ns)   --->   "call void (...)* @_ssdm_op_SpecInterface(i8* %src_data_stream_3_V, [8 x i8]* @ap_fifo_str, i32 0, i32 0, [1 x i8]* @p_str61, i32 0, i32 0, [1 x i8]* @p_str62, [1 x i8]* @p_str63, [1 x i8]* @p_str64, i32 2, i32 2, i32 16, i32 16, [1 x i8]* @p_str65, [1 x i8]* @p_str66)"   --->   Operation 10 'specinterface' <Predicate = true> <Delay = 0.00>
ST_1 : Operation 11 [1/1] (0.00ns)   --->   "call void (...)* @_ssdm_op_SpecInterface(i8* %src_data_stream_2_V, [8 x i8]* @ap_fifo_str, i32 0, i32 0, [1 x i8]* @p_str54, i32 0, i32 0, [1 x i8]* @p_str55, [1 x i8]* @p_str56, [1 x i8]* @p_str57, i32 2, i32 2, i32 16, i32 16, [1 x i8]* @p_str58, [1 x i8]* @p_str59)"   --->   Operation 11 'specinterface' <Predicate = true> <Delay = 0.00>
ST_1 : Operation 12 [1/1] (0.00ns)   --->   "call void (...)* @_ssdm_op_SpecInterface(i8* %src_data_stream_1_V, [8 x i8]* @ap_fifo_str, i32 0, i32 0, [1 x i8]* @p_str47, i32 0, i32 0, [1 x i8]* @p_str48, [1 x i8]* @p_str49, [1 x i8]* @p_str50, i32 2, i32 2, i32 16, i32 16, [1 x i8]* @p_str51, [1 x i8]* @p_str52)"   --->   Operation 12 'specinterface' <Predicate = true> <Delay = 0.00>
ST_1 : Operation 13 [1/1] (0.00ns)   --->   "call void (...)* @_ssdm_op_SpecInterface(i8* %src_data_stream_0_V, [8 x i8]* @ap_fifo_str, i32 0, i32 0, [1 x i8]* @p_str40, i32 0, i32 0, [1 x i8]* @p_str41, [1 x i8]* @p_str42, [1 x i8]* @p_str43, i32 2, i32 2, i32 16, i32 16, [1 x i8]* @p_str44, [1 x i8]* @p_str45)"   --->   Operation 13 'specinterface' <Predicate = true> <Delay = 0.00>
ST_1 : Operation 14 [1/1] (0.75ns)   --->   "br label %1" [top.cpp:20]   --->   Operation 14 'br' <Predicate = true> <Delay = 0.75>

State 2 <SV = 1> <Delay = 1.18>
ST_2 : Operation 15 [1/1] (0.00ns)   --->   "%i_0 = phi i10 [ 0, %0 ], [ %i, %ROWS_end ]"   --->   Operation 15 'phi' 'i_0' <Predicate = true> <Delay = 0.00>
ST_2 : Operation 16 [1/1] (0.00ns)   --->   "%trunc_ln20 = trunc i10 %i_0 to i1" [top.cpp:20]   --->   Operation 16 'trunc' 'trunc_ln20' <Predicate = true> <Delay = 0.00>
ST_2 : Operation 17 [1/1] (0.85ns)   --->   "%icmp_ln20 = icmp eq i10 %i_0, -304" [top.cpp:20]   --->   Operation 17 'icmp' 'icmp_ln20' <Predicate = true> <Delay = 0.85> <Core = "Cmp">   --->   Core 25 'Cmp' <Latency = 0> <II = 1> <Delay = 0.85> <FuncUnit> <Opcode : 'icmp'> <InPorts = 2> <OutPorts = 1>
ST_2 : Operation 18 [1/1] (0.00ns)   --->   "call void (...)* @_ssdm_op_SpecLoopTripCount(i64 720, i64 720, i64 720)"   --->   Operation 18 'speclooptripcount' <Predicate = true> <Delay = 0.00>
ST_2 : Operation 19 [1/1] (0.93ns)   --->   "%i = add i10 1, %i_0" [top.cpp:20]   --->   Operation 19 'add' 'i' <Predicate = true> <Delay = 0.93> <Core = "AddSub">   --->   Core 14 'AddSub' <Latency = 0> <II = 1> <Delay = 0.93> <FuncUnit> <Opcode : 'add' 'sub'> <InPorts = 2> <OutPorts = 1>
ST_2 : Operation 20 [1/1] (0.00ns)   --->   "br i1 %icmp_ln20, label %4, label %ROWS_begin" [top.cpp:20]   --->   Operation 20 'br' <Predicate = true> <Delay = 0.00>
ST_2 : Operation 21 [1/1] (0.00ns)   --->   "call void (...)* @_ssdm_op_SpecLoopName([5 x i8]* @p_str4) nounwind" [top.cpp:20]   --->   Operation 21 'specloopname' <Predicate = (!icmp_ln20)> <Delay = 0.00>
ST_2 : Operation 22 [1/1] (0.00ns)   --->   "%tmp_s = call i32 (...)* @_ssdm_op_SpecRegionBegin([5 x i8]* @p_str4)" [top.cpp:20]   --->   Operation 22 'specregionbegin' 'tmp_s' <Predicate = (!icmp_ln20)> <Delay = 0.00>
ST_2 : Operation 23 [1/1] (0.85ns)   --->   "%icmp_ln26 = icmp ugt i10 %i_0, 101" [top.cpp:26]   --->   Operation 23 'icmp' 'icmp_ln26' <Predicate = (!icmp_ln20)> <Delay = 0.85> <Core = "Cmp">   --->   Core 25 'Cmp' <Latency = 0> <II = 1> <Delay = 0.85> <FuncUnit> <Opcode : 'icmp'> <InPorts = 2> <OutPorts = 1>
ST_2 : Operation 24 [1/1] (0.85ns)   --->   "%icmp_ln26_1 = icmp ult i10 %i_0, -406" [top.cpp:26]   --->   Operation 24 'icmp' 'icmp_ln26_1' <Predicate = (!icmp_ln20)> <Delay = 0.85> <Core = "Cmp">   --->   Core 25 'Cmp' <Latency = 0> <II = 1> <Delay = 0.85> <FuncUnit> <Opcode : 'icmp'> <InPorts = 2> <OutPorts = 1>
ST_2 : Operation 25 [1/1] (0.33ns)   --->   "%and_ln26_1 = and i1 %icmp_ln26, %icmp_ln26_1" [top.cpp:26]   --->   Operation 25 'and' 'and_ln26_1' <Predicate = (!icmp_ln20)> <Delay = 0.33> <Core = "LogicGate">   --->   Core 27 'LogicGate' <Latency = 0> <II = 1> <Delay = 0.33> <FuncUnit> <Opcode : 'and' 'or' 'xor'> <InPorts = 2> <OutPorts = 1>
ST_2 : Operation 26 [1/1] (0.75ns)   --->   "br label %2" [top.cpp:22]   --->   Operation 26 'br' <Predicate = (!icmp_ln20)> <Delay = 0.75>
ST_2 : Operation 27 [1/1] (0.00ns)   --->   "ret void" [top.cpp:33]   --->   Operation 27 'ret' <Predicate = (icmp_ln20)> <Delay = 0.00>

State 3 <SV = 2> <Delay = 1.19>
ST_3 : Operation 28 [1/1] (0.00ns)   --->   "%j_0 = phi i11 [ 0, %ROWS_begin ], [ %j, %COLS_end ]"   --->   Operation 28 'phi' 'j_0' <Predicate = true> <Delay = 0.00>
ST_3 : Operation 29 [1/1] (0.00ns)   --->   "%trunc_ln22 = trunc i11 %j_0 to i1" [top.cpp:22]   --->   Operation 29 'trunc' 'trunc_ln22' <Predicate = true> <Delay = 0.00>
ST_3 : Operation 30 [1/1] (0.85ns)   --->   "%icmp_ln22 = icmp eq i11 %j_0, -768" [top.cpp:22]   --->   Operation 30 'icmp' 'icmp_ln22' <Predicate = true> <Delay = 0.85> <Core = "Cmp">   --->   Core 25 'Cmp' <Latency = 0> <II = 1> <Delay = 0.85> <FuncUnit> <Opcode : 'icmp'> <InPorts = 2> <OutPorts = 1>
ST_3 : Operation 31 [1/1] (0.00ns)   --->   "call void (...)* @_ssdm_op_SpecLoopTripCount(i64 1280, i64 1280, i64 1280)"   --->   Operation 31 'speclooptripcount' <Predicate = true> <Delay = 0.00>
ST_3 : Operation 32 [1/1] (0.94ns)   --->   "%j = add i11 1, %j_0" [top.cpp:22]   --->   Operation 32 'add' 'j' <Predicate = true> <Delay = 0.94> <Core = "AddSub">   --->   Core 14 'AddSub' <Latency = 0> <II = 1> <Delay = 0.93> <FuncUnit> <Opcode : 'add' 'sub'> <InPorts = 2> <OutPorts = 1>
ST_3 : Operation 33 [1/1] (0.00ns)   --->   "br i1 %icmp_ln22, label %ROWS_end, label %COLS_begin" [top.cpp:22]   --->   Operation 33 'br' <Predicate = true> <Delay = 0.00>
ST_3 : Operation 34 [1/1] (0.85ns)   --->   "%icmp_ln26_2 = icmp ugt i11 %j_0, 221" [top.cpp:26]   --->   Operation 34 'icmp' 'icmp_ln26_2' <Predicate = (!icmp_ln22)> <Delay = 0.85> <Core = "Cmp">   --->   Core 25 'Cmp' <Latency = 0> <II = 1> <Delay = 0.85> <FuncUnit> <Opcode : 'icmp'> <InPorts = 2> <OutPorts = 1>
ST_3 : Operation 35 [1/1] (0.85ns)   --->   "%icmp_ln26_3 = icmp ult i11 %j_0, -990" [top.cpp:26]   --->   Operation 35 'icmp' 'icmp_ln26_3' <Predicate = (!icmp_ln22)> <Delay = 0.85> <Core = "Cmp">   --->   Core 25 'Cmp' <Latency = 0> <II = 1> <Delay = 0.85> <FuncUnit> <Opcode : 'icmp'> <InPorts = 2> <OutPorts = 1>
ST_3 : Operation 36 [1/1] (0.00ns) (grouped into LUT with out node and_ln26_2)   --->   "%and_ln26 = and i1 %icmp_ln26_2, %icmp_ln26_3" [top.cpp:26]   --->   Operation 36 'and' 'and_ln26' <Predicate = (!icmp_ln22)> <Delay = 0.00> <Core = "LogicGate">   --->   Core 27 'LogicGate' <Latency = 0> <II = 1> <Delay = 0.33> <FuncUnit> <Opcode : 'and' 'or' 'xor'> <InPorts = 2> <OutPorts = 1>
ST_3 : Operation 37 [1/1] (0.33ns) (out node of the LUT)   --->   "%and_ln26_2 = and i1 %and_ln26_1, %and_ln26" [top.cpp:26]   --->   Operation 37 'and' 'and_ln26_2' <Predicate = (!icmp_ln22)> <Delay = 0.33> <Core = "LogicGate">   --->   Core 27 'LogicGate' <Latency = 0> <II = 1> <Delay = 0.33> <FuncUnit> <Opcode : 'and' 'or' 'xor'> <InPorts = 2> <OutPorts = 1>
ST_3 : Operation 38 [1/1] (0.00ns)   --->   "br i1 %and_ln26_2, label %3, label %COLS_end" [top.cpp:26]   --->   Operation 38 'br' <Predicate = (!icmp_ln22)> <Delay = 0.00>
ST_3 : Operation 39 [1/1] (0.33ns)   --->   "%and_ln27 = and i1 %trunc_ln20, %trunc_ln22" [top.cpp:27]   --->   Operation 39 'and' 'and_ln27' <Predicate = (!icmp_ln22 & and_ln26_2)> <Delay = 0.33> <Core = "LogicGate">   --->   Core 27 'LogicGate' <Latency = 0> <II = 1> <Delay = 0.33> <FuncUnit> <Opcode : 'and' 'or' 'xor'> <InPorts = 2> <OutPorts = 1>
ST_3 : Operation 40 [1/1] (0.00ns)   --->   "br i1 %and_ln27, label %hls_label_6, label %._crit_edge3" [top.cpp:27]   --->   Operation 40 'br' <Predicate = (!icmp_ln22 & and_ln26_2)> <Delay = 0.00>

State 4 <SV = 3> <Delay = 3.50>
ST_4 : Operation 41 [1/1] (0.00ns)   --->   "call void (...)* @_ssdm_op_SpecLoopName([5 x i8]* @p_str5) nounwind" [top.cpp:22]   --->   Operation 41 'specloopname' <Predicate = true> <Delay = 0.00>
ST_4 : Operation 42 [1/1] (0.00ns)   --->   "%tmp_3 = call i32 (...)* @_ssdm_op_SpecRegionBegin([5 x i8]* @p_str5)" [top.cpp:22]   --->   Operation 42 'specregionbegin' 'tmp_3' <Predicate = true> <Delay = 0.00>
ST_4 : Operation 43 [1/1] (0.00ns)   --->   "call void (...)* @_ssdm_op_SpecPipeline(i32 1, i32 1, i32 1, i32 0, [1 x i8]* @p_str1) nounwind" [top.cpp:24]   --->   Operation 43 'specpipeline' <Predicate = true> <Delay = 0.00>
ST_4 : Operation 44 [1/1] (0.00ns)   --->   "%tmp_4 = call i32 (...)* @_ssdm_op_SpecRegionBegin([12 x i8]* @p_str8)" [D:/Programs/Xilinx/Vivado/2019.2/common/technology/autopilot/hls/hls_video_core.h:672->D:/Programs/Xilinx/Vivado/2019.2/common/technology/autopilot/hls/hls_video_core.h:711->top.cpp:25]   --->   Operation 44 'specregionbegin' 'tmp_4' <Predicate = true> <Delay = 0.00>
ST_4 : Operation 45 [1/1] (0.00ns)   --->   "call void (...)* @_ssdm_op_SpecProtocol(i32 0, [1 x i8]* @p_str1) nounwind" [D:/Programs/Xilinx/Vivado/2019.2/common/technology/autopilot/hls/hls_video_core.h:676->D:/Programs/Xilinx/Vivado/2019.2/common/technology/autopilot/hls/hls_video_core.h:711->top.cpp:25]   --->   Operation 45 'specprotocol' <Predicate = true> <Delay = 0.00>
ST_4 : Operation 46 [1/1] (1.75ns)   --->   "%tmp_7 = call i8 @_ssdm_op_Read.ap_fifo.volatile.i8P(i8* %src_data_stream_0_V)" [D:/Programs/Xilinx/Vivado/2019.2/common/technology/autopilot/hls/hls_video_core.h:679->D:/Programs/Xilinx/Vivado/2019.2/common/technology/autopilot/hls/hls_video_core.h:711->top.cpp:25]   --->   Operation 46 'read' 'tmp_7' <Predicate = true> <Delay = 1.75> <Core = "FIFO">   --->   Core 32 'FIFO' <Latency = 0> <II = 1> <Delay = 2.16> <Storage> <Opcode : 'read' 'write' 'nbread' 'nbwrite'> <Ports = 0> <Width = 8> <Depth = 2> <FIFO>
ST_4 : Operation 47 [1/1] (1.75ns)   --->   "%tmp_8 = call i8 @_ssdm_op_Read.ap_fifo.volatile.i8P(i8* %src_data_stream_1_V)" [D:/Programs/Xilinx/Vivado/2019.2/common/technology/autopilot/hls/hls_video_core.h:679->D:/Programs/Xilinx/Vivado/2019.2/common/technology/autopilot/hls/hls_video_core.h:711->top.cpp:25]   --->   Operation 47 'read' 'tmp_8' <Predicate = true> <Delay = 1.75> <Core = "FIFO">   --->   Core 32 'FIFO' <Latency = 0> <II = 1> <Delay = 2.16> <Storage> <Opcode : 'read' 'write' 'nbread' 'nbwrite'> <Ports = 0> <Width = 8> <Depth = 2> <FIFO>
ST_4 : Operation 48 [1/1] (1.75ns)   --->   "%tmp_9 = call i8 @_ssdm_op_Read.ap_fifo.volatile.i8P(i8* %src_data_stream_2_V)" [D:/Programs/Xilinx/Vivado/2019.2/common/technology/autopilot/hls/hls_video_core.h:679->D:/Programs/Xilinx/Vivado/2019.2/common/technology/autopilot/hls/hls_video_core.h:711->top.cpp:25]   --->   Operation 48 'read' 'tmp_9' <Predicate = true> <Delay = 1.75> <Core = "FIFO">   --->   Core 32 'FIFO' <Latency = 0> <II = 1> <Delay = 2.16> <Storage> <Opcode : 'read' 'write' 'nbread' 'nbwrite'> <Ports = 0> <Width = 8> <Depth = 2> <FIFO>
ST_4 : Operation 49 [1/1] (1.75ns)   --->   "%tmp = call i8 @_ssdm_op_Read.ap_fifo.volatile.i8P(i8* %src_data_stream_3_V)" [D:/Programs/Xilinx/Vivado/2019.2/common/technology/autopilot/hls/hls_video_core.h:679->D:/Programs/Xilinx/Vivado/2019.2/common/technology/autopilot/hls/hls_video_core.h:711->top.cpp:25]   --->   Operation 49 'read' 'tmp' <Predicate = true> <Delay = 1.75> <Core = "FIFO">   --->   Core 32 'FIFO' <Latency = 0> <II = 1> <Delay = 2.16> <Storage> <Opcode : 'read' 'write' 'nbread' 'nbwrite'> <Ports = 0> <Width = 8> <Depth = 2> <FIFO>
ST_4 : Operation 50 [1/1] (0.00ns)   --->   "%empty = call i32 (...)* @_ssdm_op_SpecRegionEnd([12 x i8]* @p_str8, i32 %tmp_4)" [D:/Programs/Xilinx/Vivado/2019.2/common/technology/autopilot/hls/hls_video_core.h:681->D:/Programs/Xilinx/Vivado/2019.2/common/technology/autopilot/hls/hls_video_core.h:711->top.cpp:25]   --->   Operation 50 'specregionend' 'empty' <Predicate = true> <Delay = 0.00>
ST_4 : Operation 51 [1/1] (0.00ns)   --->   "%tmp_5 = call i32 (...)* @_ssdm_op_SpecRegionBegin([12 x i8]* @p_str6)" [D:/Programs/Xilinx/Vivado/2019.2/common/technology/autopilot/hls/hls_video_core.h:696->D:/Programs/Xilinx/Vivado/2019.2/common/technology/autopilot/hls/hls_video_core.h:717->top.cpp:28]   --->   Operation 51 'specregionbegin' 'tmp_5' <Predicate = (and_ln26_2 & and_ln27)> <Delay = 0.00>
ST_4 : Operation 52 [1/1] (0.00ns)   --->   "call void (...)* @_ssdm_op_SpecProtocol(i32 0, [1 x i8]* @p_str1) nounwind" [D:/Programs/Xilinx/Vivado/2019.2/common/technology/autopilot/hls/hls_video_core.h:700->D:/Programs/Xilinx/Vivado/2019.2/common/technology/autopilot/hls/hls_video_core.h:717->top.cpp:28]   --->   Operation 52 'specprotocol' <Predicate = (and_ln26_2 & and_ln27)> <Delay = 0.00>
ST_4 : Operation 53 [1/1] (1.75ns)   --->   "call void @_ssdm_op_Write.ap_fifo.volatile.i8P(i8* %dst_data_stream_0_V, i8 %tmp_7)" [D:/Programs/Xilinx/Vivado/2019.2/common/technology/autopilot/hls/hls_video_core.h:703->D:/Programs/Xilinx/Vivado/2019.2/common/technology/autopilot/hls/hls_video_core.h:717->top.cpp:28]   --->   Operation 53 'write' <Predicate = (and_ln26_2 & and_ln27)> <Delay = 1.75> <Core = "FIFO">   --->   Core 32 'FIFO' <Latency = 0> <II = 1> <Delay = 2.16> <Storage> <Opcode : 'read' 'write' 'nbread' 'nbwrite'> <Ports = 0> <Width = 8> <Depth = 2> <FIFO>
ST_4 : Operation 54 [1/1] (1.75ns)   --->   "call void @_ssdm_op_Write.ap_fifo.volatile.i8P(i8* %dst_data_stream_1_V, i8 %tmp_8)" [D:/Programs/Xilinx/Vivado/2019.2/common/technology/autopilot/hls/hls_video_core.h:703->D:/Programs/Xilinx/Vivado/2019.2/common/technology/autopilot/hls/hls_video_core.h:717->top.cpp:28]   --->   Operation 54 'write' <Predicate = (and_ln26_2 & and_ln27)> <Delay = 1.75> <Core = "FIFO">   --->   Core 32 'FIFO' <Latency = 0> <II = 1> <Delay = 2.16> <Storage> <Opcode : 'read' 'write' 'nbread' 'nbwrite'> <Ports = 0> <Width = 8> <Depth = 2> <FIFO>
ST_4 : Operation 55 [1/1] (1.75ns)   --->   "call void @_ssdm_op_Write.ap_fifo.volatile.i8P(i8* %dst_data_stream_2_V, i8 %tmp_9)" [D:/Programs/Xilinx/Vivado/2019.2/common/technology/autopilot/hls/hls_video_core.h:703->D:/Programs/Xilinx/Vivado/2019.2/common/technology/autopilot/hls/hls_video_core.h:717->top.cpp:28]   --->   Operation 55 'write' <Predicate = (and_ln26_2 & and_ln27)> <Delay = 1.75> <Core = "FIFO">   --->   Core 32 'FIFO' <Latency = 0> <II = 1> <Delay = 2.16> <Storage> <Opcode : 'read' 'write' 'nbread' 'nbwrite'> <Ports = 0> <Width = 8> <Depth = 2> <FIFO>
ST_4 : Operation 56 [1/1] (1.75ns)   --->   "call void @_ssdm_op_Write.ap_fifo.volatile.i8P(i8* %dst_data_stream_3_V, i8 %tmp)" [D:/Programs/Xilinx/Vivado/2019.2/common/technology/autopilot/hls/hls_video_core.h:703->D:/Programs/Xilinx/Vivado/2019.2/common/technology/autopilot/hls/hls_video_core.h:717->top.cpp:28]   --->   Operation 56 'write' <Predicate = (and_ln26_2 & and_ln27)> <Delay = 1.75> <Core = "FIFO">   --->   Core 32 'FIFO' <Latency = 0> <II = 1> <Delay = 2.16> <Storage> <Opcode : 'read' 'write' 'nbread' 'nbwrite'> <Ports = 0> <Width = 8> <Depth = 2> <FIFO>
ST_4 : Operation 57 [1/1] (0.00ns)   --->   "%empty_33 = call i32 (...)* @_ssdm_op_SpecRegionEnd([12 x i8]* @p_str6, i32 %tmp_5)" [D:/Programs/Xilinx/Vivado/2019.2/common/technology/autopilot/hls/hls_video_core.h:705->D:/Programs/Xilinx/Vivado/2019.2/common/technology/autopilot/hls/hls_video_core.h:717->top.cpp:28]   --->   Operation 57 'specregionend' 'empty_33' <Predicate = (and_ln26_2 & and_ln27)> <Delay = 0.00>
ST_4 : Operation 58 [1/1] (0.00ns)   --->   "br label %._crit_edge3" [top.cpp:29]   --->   Operation 58 'br' <Predicate = (and_ln26_2 & and_ln27)> <Delay = 0.00>
ST_4 : Operation 59 [1/1] (0.00ns)   --->   "br label %COLS_end" [top.cpp:30]   --->   Operation 59 'br' <Predicate = (and_ln26_2)> <Delay = 0.00>
ST_4 : Operation 60 [1/1] (0.00ns)   --->   "%empty_34 = call i32 (...)* @_ssdm_op_SpecRegionEnd([5 x i8]* @p_str5, i32 %tmp_3)" [top.cpp:31]   --->   Operation 60 'specregionend' 'empty_34' <Predicate = (!icmp_ln22)> <Delay = 0.00>
ST_4 : Operation 61 [1/1] (0.00ns)   --->   "br label %2" [top.cpp:22]   --->   Operation 61 'br' <Predicate = (!icmp_ln22)> <Delay = 0.00>

State 5 <SV = 3> <Delay = 0.00>
ST_5 : Operation 62 [1/1] (0.00ns)   --->   "%empty_35 = call i32 (...)* @_ssdm_op_SpecRegionEnd([5 x i8]* @p_str4, i32 %tmp_s)" [top.cpp:32]   --->   Operation 62 'specregionend' 'empty_35' <Predicate = true> <Delay = 0.00>
ST_5 : Operation 63 [1/1] (0.00ns)   --->   "br label %1" [top.cpp:20]   --->   Operation 63 'br' <Predicate = true> <Delay = 0.00>


============================================================
+ Verbose Summary: Timing violations
============================================================
Target clock period: 4ns, clock uncertainty: 0.5ns.

 <State 1>: 0.755ns
The critical path consists of the following:
	multiplexor before 'phi' operation ('i') with incoming values : ('i', top.cpp:20) [19]  (0.755 ns)

 <State 2>: 1.19ns
The critical path consists of the following:
	'phi' operation ('i') with incoming values : ('i', top.cpp:20) [19]  (0 ns)
	'icmp' operation ('icmp_ln26', top.cpp:26) [28]  (0.859 ns)
	'and' operation ('and_ln26_1', top.cpp:26) [30]  (0.331 ns)

 <State 3>: 1.19ns
The critical path consists of the following:
	'phi' operation ('j') with incoming values : ('j', top.cpp:22) [33]  (0 ns)
	'icmp' operation ('icmp_ln26_2', top.cpp:26) [50]  (0.86 ns)
	'and' operation ('and_ln26', top.cpp:26) [52]  (0 ns)
	'and' operation ('and_ln26_2', top.cpp:26) [53]  (0.331 ns)

 <State 4>: 3.5ns
The critical path consists of the following:
	fifo read on port 'src_data_stream_0_V' (D:/Programs/Xilinx/Vivado/2019.2/common/technology/autopilot/hls/hls_video_core.h:679->D:/Programs/Xilinx/Vivado/2019.2/common/technology/autopilot/hls/hls_video_core.h:711->top.cpp:25) [45]  (1.75 ns)
	fifo write on port 'dst_data_stream_0_V' (D:/Programs/Xilinx/Vivado/2019.2/common/technology/autopilot/hls/hls_video_core.h:703->D:/Programs/Xilinx/Vivado/2019.2/common/technology/autopilot/hls/hls_video_core.h:717->top.cpp:28) [61]  (1.75 ns)

 <State 5>: 0ns
The critical path consists of the following:


============================================================
+ Verbose Summary: Binding
============================================================
N/A
* FSMD analyzer results:
  - Output states:
 - Input state : 
  - Chain level:
	State 1
	State 2
	State 3
	State 4
	State 5


============================================================
+ Verbose Summary: Datapath Resource usage 
============================================================
N/A
